// Vitest Snapshot v1, https://vitest.dev/guide/snapshot.html

exports[`Shimmer (primitive) > matches snapshot for default props 1`] = `
<div
  aria-busy="true"
  aria-label="Loading"
  aria-live="polite"
  class="cae-shimmer rounded-md"
  data-testid="shimmer"
  data-variant="box"
  role="status"
  style="width: 100%; height: 16px;"
>
  <span
    class="sr-only"
  >
    Loading
  </span>
</div>
`;
